Forge Auto Renaming Tool v2.0.4
lib: D:\mods\dim_pearlsold\build\moddev\artifacts\forge-1.20.1-47.4.22.jar
lib: C:\Users\botme\.mcreator\gradle\caches\modules-2\files-2.1\io.github.llamalad7\mixinextras-common\0.5.0\286da96036621082491d971dfc62bee8fc37d161\mixinextras-common-0.5.0.jar
lib: C:\Users\botme\.mcreator\gradle\caches\modules-2\files-2.1\io.github.llamalad7\mixinextras-forge\0.5.0\cebe4d98a42a4a32ebf0ddec7b93d5bdbdad009\mixinextras-forge-0.5.0.jar
lib: C:\Users\botme\.mcreator\gradle\caches\modules-2\files-2.1\cpw.mods\securejarhandler\2.1.10\51e6a22c6c716beb11e244bf5b8be480f51dd6b5\securejarhandler-2.1.10.jar
lib: C:\Users\botme\.mcreator\gradle\caches\modules-2\files-2.1\net.minecraftforge\fmlloader\1.20.1-47.4.22\ce9a2a24e7b3039263e3702374b50dfcf2171c6a\fmlloader-1.20.1-47.4.22.jar
lib: C:\Users\botme\.mcreator\gradle\caches\modules-2\files-2.1\net.minecraftforge\coremods\5.2.4\e30bab269d896613e38396274711410b3a0e4b87\coremods-5.2.4.jar
lib: C:\Users\botme\.mcreator\gradle\caches\modules-2\files-2.1\cpw.mods\modlauncher\10.0.9\6d9443f56f50bb85cea383686ff9c867391458b\modlauncher-10.0.9.jar
lib: C:\Users\botme\.mcreator\gradle\caches\modules-2\files-2.1\org.openjdk.nashorn\nashorn-core\15.4\f67f5ffaa5f5130cf6fb9b133da00c7df3b532a5\nashorn-core-15.4.jar
lib: C:\Users\botme\.mcreator\gradle\caches\modules-2\files-2.1\org.ow2.asm\asm-commons\9.9.1\ab35de4c537184a09339069f1a3b3aacf2289149\asm-commons-9.9.1.jar
lib: C:\Users\botme\.mcreator\gradle\caches\modules-2\files-2.1\org.ow2.asm\asm-util\9.9.1\e51f5b0ae0b0c1960687ae970a2a3434d39d8abb\asm-util-9.9.1.jar
lib: C:\Users\botme\.mcreator\gradle\caches\modules-2\files-2.1\org.ow2.asm\asm-analysis\9.9.1\1ab8d9316ef7a67240087919a708246c37ed1660\asm-analysis-9.9.1.jar
lib: C:\Users\botme\.mcreator\gradle\caches\modules-2\files-2.1\org.ow2.asm\asm-tree\9.9.1\b6b1b3366296163b4b1f540731aad0a2baa484d8\asm-tree-9.9.1.jar
lib: C:\Users\botme\.mcreator\gradle\caches\modules-2\files-2.1\org.ow2.asm\asm\9.9.1\2ceea6ab43bcae1979b2a6d85fc0ca429877e5ab\asm-9.9.1.jar
lib: C:\Users\botme\.mcreator\gradle\caches\modules-2\files-2.1\net.minecraftforge\accesstransformers\8.0.4\272d240aa73f42195b2a68e2ebd8b701ecf41f63\accesstransformers-8.0.4.jar
lib: C:\Users\botme\.mcreator\gradle\caches\modules-2\files-2.1\org.antlr\antlr4\4.9.1\e92af8ab33e428461927b484e90bb155a4f3a052\antlr4-4.9.1.jar
lib: C:\Users\botme\.mcreator\gradle\caches\modules-2\files-2.1\org.antlr\antlr4-runtime\4.9.1\428664f05d2b7f7b7610204b5aa7c1763f62011a\antlr4-runtime-4.9.1.jar
lib: C:\Users\botme\.mcreator\gradle\caches\modules-2\files-2.1\net.minecraftforge\fmlcore\1.20.1-47.4.22\1367fc72fd188372dd79e824c611e248dcd000e\fmlcore-1.20.1-47.4.22.jar
lib: C:\Users\botme\.mcreator\gradle\caches\modules-2\files-2.1\net.minecraftforge\eventbus\6.2.33\3fae69cfa9c5095bcc25c0a8a3ed9b26c156f922\eventbus-6.2.33.jar
lib: C:\Users\botme\.mcreator\gradle\caches\modules-2\files-2.1\net.minecraftforge\forgespi\7.0.1\3b4972a0cdb135853dba219be61a79b22cff1309\forgespi-7.0.1.jar
lib: C:\Users\botme\.mcreator\gradle\caches\modules-2\files-2.1\net.minecraftforge\unsafe\0.2.0\54d7a0a5e8fdb71b973025caa46f341ae5904f39\unsafe-0.2.0.jar
lib: C:\Users\botme\.mcreator\gradle\caches\modules-2\files-2.1\net.minecraftforge\mergetool\1.1.7\fe2225c1a7834ee20d5a1e2630bcca798367d962\mergetool-1.1.7.jar
lib: C:\Users\botme\.mcreator\gradle\caches\modules-2\files-2.1\net.minecraftforge\mergetool\1.1.7\aa7c6d9d187d585a8a215c288d65b0038be80b2a\mergetool-1.1.7-api.jar
lib: C:\Users\botme\.mcreator\gradle\caches\modules-2\files-2.1\com.electronwill.night-config\toml\3.6.4\51d6cefb2b55ee55ee26b16391212fb2c7dfb4f4\toml-3.6.4.jar
lib: C:\Users\botme\.mcreator\gradle\caches\modules-2\files-2.1\com.electronwill.night-config\core\3.6.4\510f174abbf1c947494db50ef2445683bd52c230\core-3.6.4.jar
lib: C:\Users\botme\.mcreator\gradle\caches\modules-2\files-2.1\net.minecraftforge\JarJarSelector\0.3.19\376cc9c8ea60720cf027c01fc033de915699801c\JarJarSelector-0.3.19.jar
lib: C:\Users\botme\.mcreator\gradle\caches\modules-2\files-2.1\net.minecraftforge\JarJarMetadata\0.3.19\83feaa9b770e6ac0e96ee4fc23fa89325c5fe2\JarJarMetadata-0.3.19.jar
lib: C:\Users\botme\.mcreator\gradle\caches\modules-2\files-2.1\org.apache.maven\maven-artifact\3.8.5\4433f50c07debefaed0553bd0068f4f48d449313\maven-artifact-3.8.5.jar
lib: C:\Users\botme\.mcreator\gradle\caches\modules-2\files-2.1\net.jodah\typetools\0.6.3\a01aaa6ddaea9ec07ec4f209487b7a46a526283a\typetools-0.6.3.jar
lib: C:\Users\botme\.mcreator\gradle\caches\modules-2\files-2.1\net.minecrell\terminalconsoleappender\1.2.0\96d02cd3b384ff015a8fef4223bcb4ccf1717c95\terminalconsoleappender-1.2.0.jar
lib: C:\Users\botme\.mcreator\gradle\caches\modules-2\files-2.1\org.jline\jline-reader\3.12.1\4382ab1382c7b6f379377ed5f665dc2f6e1218bc\jline-reader-3.12.1.jar
lib: C:\Users\botme\.mcreator\gradle\caches\modules-2\files-2.1\org.jline\jline-terminal\3.12.1\c777448314e050d980a6b697c140f3bfe9eb7416\jline-terminal-3.12.1.jar
lib: C:\Users\botme\.mcreator\gradle\caches\modules-2\files-2.1\org.spongepowered\mixin\0.8.5\9d1c0c3a304ae6697ecd477218fa61b850bf57fc\mixin-0.8.5.jar
lib: C:\Users\botme\.mcreator\gradle\caches\modules-2\files-2.1\cpw.mods\bootstraplauncher\1.1.2\c546e00443d8432cda6baa1c860346980742628\bootstraplauncher-1.1.2.jar
lib: C:\Users\botme\.mcreator\gradle\caches\modules-2\files-2.1\net.minecraftforge\JarJarFileSystems\0.3.19\2464eb7d6b9ddb9db36a82cf8a95193e5c6fe020\JarJarFileSystems-0.3.19.jar
lib: C:\Users\botme\.mcreator\gradle\caches\modules-2\files-2.1\net.minecraftforge\fmlearlydisplay\1.20.1-47.4.22\90407eed9ce435424cd98544f47f44b00d9c9c09\fmlearlydisplay-1.20.1-47.4.22.jar
lib: C:\Users\botme\.mcreator\gradle\caches\modules-2\files-2.1\net.minecraftforge\javafmllanguage\1.20.1-47.4.22\c3fe3323c9f8651aff7b34a665730c312b9e203f\javafmllanguage-1.20.1-47.4.22.jar
lib: C:\Users\botme\.mcreator\gradle\caches\modules-2\files-2.1\net.minecraftforge\lowcodelanguage\1.20.1-47.4.22\c719255918fe74052292279a1242a26fbe92452a\lowcodelanguage-1.20.1-47.4.22.jar
lib: C:\Users\botme\.mcreator\gradle\caches\modules-2\files-2.1\net.minecraftforge\mclanguage\1.20.1-47.4.22\78b273bf6a3b42e430cd60ca1636656ae5993d6c\mclanguage-1.20.1-47.4.22.jar
lib: C:\Users\botme\.mcreator\gradle\caches\modules-2\files-2.1\org.codehaus.plexus\plexus-utils\3.3.0\cf43b5391de623b36fe066a21127baef82c64022\plexus-utils-3.3.0.jar
lib: C:\Users\botme\.mcreator\gradle\caches\modules-2\files-2.1\org.apache.commons\commons-lang3\3.12.0\c6842c86792ff03b9f1d1fe2aab8dc23aa6c6f0e\commons-lang3-3.12.0.jar
lib: C:\Users\botme\.mcreator\gradle\caches\modules-2\files-2.1\org.apache.logging.log4j\log4j-core\2.8.1\4ac28ff2f1ddf05dae3043a190451e8c46b73c31\log4j-core-2.8.1.jar
lib: C:\Users\botme\.mcreator\gradle\caches\modules-2\files-2.1\com.google.code.gson\gson\2.10\dd9b193aef96e973d5a11ab13cd17430c2e4306b\gson-2.10.jar
lib: C:\Users\botme\.mcreator\gradle\caches\modules-2\files-2.1\com.google.guava\guava\31.1-jre\60458f877d055d0c9114d9e1a2efb737b4bc282c\guava-31.1-jre.jar
lib: C:\Users\botme\.mcreator\gradle\caches\modules-2\files-2.1\com.machinezoo.noexception\noexception\1.7.1\b65330c98e38a1f915fa54a6e5eca496505e3f0a\noexception-1.7.1.jar
lib: C:\Users\botme\.mcreator\gradle\caches\modules-2\files-2.1\org.slf4j\slf4j-api\1.8.0-beta4\83b0359d847ee053d745be7ec0d8e9e8a44304b4\slf4j-api-1.8.0-beta4.jar
lib: C:\Users\botme\.mcreator\gradle\caches\modules-2\files-2.1\org.apache.logging.log4j\log4j-api\2.19.0\ea1b37f38c327596b216542bc636cfdc0b8036fa\log4j-api-2.19.0.jar
lib: C:\Users\botme\.mcreator\gradle\caches\modules-2\files-2.1\com.mojang\logging\1.1.1\832b8e6674a9b325a5175a3a6267dfaf34c85139\logging-1.1.1.jar
lib: C:\Users\botme\.mcreator\gradle\caches\modules-2\files-2.1\com.google.code.findbugs\jsr305\3.0.2\25ea2e8b0c338a877313bd4672d3fe056ea78f0d\jsr305-3.0.2.jar
lib: C:\Users\botme\.mcreator\gradle\caches\modules-2\files-2.1\ca.weblite\java-objc-bridge\1.1\1227f9e0666314f9de41477e3ec277e542ed7f7b\java-objc-bridge-1.1.jar
lib: C:\Users\botme\.mcreator\gradle\caches\modules-2\files-2.1\org.jetbrains\annotations\24.0.1\13c5c75c4206580aa4d683bffee658caae6c9f43\annotations-24.0.1.jar
lib: C:\Users\botme\.mcreator\gradle\caches\modules-2\files-2.1\com.github.oshi\oshi-core\6.2.2\54f5efc19bca95d709d9a37d19ffcbba3d21c1a6\oshi-core-6.2.2.jar
lib: C:\Users\botme\.mcreator\gradle\caches\modules-2\files-2.1\com.google.guava\failureaccess\1.0.1\1dcf1de382a0bf95a3d8b0849546c88bac1292c9\failureaccess-1.0.1.jar
lib: C:\Users\botme\.mcreator\gradle\caches\modules-2\files-2.1\com.ibm.icu\icu4j\61.1\28d33b5e44e72edcc66a5da7a34a42147f38d987\icu4j-61.1.jar
lib: C:\Users\botme\.mcreator\gradle\caches\modules-2\files-2.1\com.mojang\authlib\4.0.43\2ff9d747a77570a07a60d32ac77eb6162ad2a2d9\authlib-4.0.43.jar
lib: C:\Users\botme\.mcreator\gradle\caches\modules-2\files-2.1\com.mojang\blocklist\1.0.10\5c685c5ffa94c4cd39496c7184c1d122e515ecef\blocklist-1.0.10.jar
lib: C:\Users\botme\.mcreator\gradle\caches\modules-2\files-2.1\com.mojang\brigadier\1.1.8\5244ce82c3337bba4a196a3ce858bfaecc74404a\brigadier-1.1.8.jar
lib: C:\Users\botme\.mcreator\gradle\caches\modules-2\files-2.1\com.mojang\datafixerupper\6.0.8\3ba4a30557a9b057760af4011f909ba619fc5125\datafixerupper-6.0.8.jar
lib: C:\Users\botme\.mcreator\gradle\caches\modules-2\files-2.1\com.mojang\patchy\2.2.10\da05971b07cbb379d002cf7eaec6a2048211fefc\patchy-2.2.10.jar
lib: C:\Users\botme\.mcreator\gradle\caches\modules-2\files-2.1\com.mojang\text2speech\1.17.9\3cad216e3a7f0c19b4b394388bc9ffc446f13b14\text2speech-1.17.9.jar
lib: C:\Users\botme\.mcreator\gradle\caches\modules-2\files-2.1\commons-codec\commons-codec\1.15\49d94806b6e3dc933dacbd8acb0fdbab8ebd1e5d\commons-codec-1.15.jar
lib: C:\Users\botme\.mcreator\gradle\caches\modules-2\files-2.1\commons-io\commons-io\2.11.0\a2503f302b11ebde7ebc3df41daebe0e4eea3689\commons-io-2.11.0.jar
lib: C:\Users\botme\.mcreator\gradle\caches\modules-2\files-2.1\commons-logging\commons-logging\1.2\4bfc12adfe4842bf07b657f0369c4cb522955686\commons-logging-1.2.jar
lib: C:\Users\botme\.mcreator\gradle\caches\modules-2\files-2.1\io.netty\netty-buffer\4.1.82.Final\a544270cf1ae8b8077082f5036436a9a9971ea71\netty-buffer-4.1.82.Final.jar
lib: C:\Users\botme\.mcreator\gradle\caches\modules-2\files-2.1\io.netty\netty-codec\4.1.82.Final\b77200379acb345a9ffdece1c605e591ac3e4e0a\netty-codec-4.1.82.Final.jar
lib: C:\Users\botme\.mcreator\gradle\caches\modules-2\files-2.1\io.netty\netty-common\4.1.82.Final\22d148e85c3f5ebdacc0ce1f5aabb1d420f73f3\netty-common-4.1.82.Final.jar
lib: C:\Users\botme\.mcreator\gradle\caches\modules-2\files-2.1\io.netty\netty-handler\4.1.82.Final\644041d1fa96a5d3130a29e8978630d716d76e38\netty-handler-4.1.82.Final.jar
lib: C:\Users\botme\.mcreator\gradle\caches\modules-2\files-2.1\io.netty\netty-resolver\4.1.82.Final\38f665ae8dcd29032eea31245ba7806bed2e0fa8\netty-resolver-4.1.82.Final.jar
lib: C:\Users\botme\.mcreator\gradle\caches\modules-2\files-2.1\io.netty\netty-transport-classes-epoll\4.1.82.Final\e7c7dd18deac93105797f30057c912651ea76521\netty-transport-classes-epoll-4.1.82.Final.jar
lib: C:\Users\botme\.mcreator\gradle\caches\modules-2\files-2.1\io.netty\netty-transport-native-unix-common\4.1.82.Final\3e895b35ca1b8a0eca56cacff4c2dde5d2c6abce\netty-transport-native-unix-common-4.1.82.Final.jar
lib: C:\Users\botme\.mcreator\gradle\caches\modules-2\files-2.1\io.netty\netty-transport\4.1.82.Final\e431a218d91acb6476ccad5f5aafde50aa3945ca\netty-transport-4.1.82.Final.jar
lib: C:\Users\botme\.mcreator\gradle\caches\modules-2\files-2.1\it.unimi.dsi\fastutil\8.5.9\bb7ea75ecdb216654237830b3a96d87ad91f8cc5\fastutil-8.5.9.jar
lib: C:\Users\botme\.mcreator\gradle\caches\modules-2\files-2.1\net.java.dev.jna\jna-platform\5.12.1\97406a297c852f4a41e688a176ec675f72e8329\jna-platform-5.12.1.jar
lib: C:\Users\botme\.mcreator\gradle\caches\modules-2\files-2.1\net.java.dev.jna\jna\5.10.0\7cf4c87dd802db50721db66947aa237d7ad09418\jna-5.10.0.jar
lib: C:\Users\botme\.mcreator\gradle\caches\modules-2\files-2.1\net.sf.jopt-simple\jopt-simple\5.0.4\4fdac2fbe92dfad86aa6e9301736f6b4342a3f5c\jopt-simple-5.0.4.jar
lib: C:\Users\botme\.mcreator\gradle\caches\modules-2\files-2.1\org.apache.commons\commons-compress\1.21\4ec95b60d4e86b5c95a0e919cb172a0af98011ef\commons-compress-1.21.jar
lib: C:\Users\botme\.mcreator\gradle\caches\modules-2\files-2.1\org.apache.httpcomponents\httpclient\4.5.13\e5f6cae5ca7ecaac1ec2827a9e2d65ae2869cada\httpclient-4.5.13.jar
lib: C:\Users\botme\.mcreator\gradle\caches\modules-2\files-2.1\org.apache.httpcomponents\httpcore\4.4.15\7f2e0c573eaa7a74bac2e89b359e1f73d92a0a1d\httpcore-4.4.15.jar
lib: C:\Users\botme\.mcreator\gradle\caches\modules-2\files-2.1\org.apache.logging.log4j\log4j-slf4j2-impl\2.19.0\5c04bfdd63ce9dceb2e284b81e96b6a70010ee10\log4j-slf4j2-impl-2.19.0.jar
lib: C:\Users\botme\.mcreator\gradle\caches\modules-2\files-2.1\org.joml\joml\1.10.5\22566d58af70ad3d72308bab63b8339906deb649\joml-1.10.5.jar
lib: C:\Users\botme\.mcreator\gradle\caches\modules-2\files-2.1\org.lwjgl\lwjgl-glfw\3.3.1\cbac1b8d30cb4795149c1ef540f912671a8616d0\lwjgl-glfw-3.3.1.jar
lib: C:\Users\botme\.mcreator\gradle\caches\modules-2\files-2.1\org.lwjgl\lwjgl-jemalloc\3.3.1\a817bcf213db49f710603677457567c37d53e103\lwjgl-jemalloc-3.3.1.jar
lib: C:\Users\botme\.mcreator\gradle\caches\modules-2\files-2.1\org.lwjgl\lwjgl-openal\3.3.1\2623a6b8ae1dfcd880738656a9f0243d2e6840bd\lwjgl-openal-3.3.1.jar
lib: C:\Users\botme\.mcreator\gradle\caches\modules-2\files-2.1\org.lwjgl\lwjgl-opengl\3.3.1\831a5533a21a5f4f81bbc51bb13e9899319b5411\lwjgl-opengl-3.3.1.jar
lib: C:\Users\botme\.mcreator\gradle\caches\modules-2\files-2.1\org.lwjgl\lwjgl-stb\3.3.1\b119297cf8ed01f247abe8685857f8e7fcf5980f\lwjgl-stb-3.3.1.jar
lib: C:\Users\botme\.mcreator\gradle\caches\modules-2\files-2.1\org.lwjgl\lwjgl-tinyfd\3.3.1\ff1914111ef2e3e0110ef2dabc8d8cdaad82347\lwjgl-tinyfd-3.3.1.jar
lib: C:\Users\botme\.mcreator\gradle\caches\modules-2\files-2.1\org.lwjgl\lwjgl\3.3.1\ae58664f88e18a9bb2c77b063833ca7aaec484cb\lwjgl-3.3.1.jar
lib: C:\Users\botme\.mcreator\gradle\caches\modules-2\files-2.1\org.antlr\ST4\4.3\92f2c1ad8d84abcbeead6cf7f2c53a04166293c2\ST4-4.3.jar
lib: C:\Users\botme\.mcreator\gradle\caches\modules-2\files-2.1\org.antlr\antlr-runtime\3.5.2\cd9cd41361c155f3af0f653009dcecb08d8b4afd\antlr-runtime-3.5.2.jar
lib: C:\Users\botme\.mcreator\gradle\caches\modules-2\files-2.1\org.abego.treelayout\org.abego.treelayout.core\1.0.3\457216e8e6578099ae63667bb1e4439235892028\org.abego.treelayout.core-1.0.3.jar
lib: C:\Users\botme\.mcreator\gradle\caches\modules-2\files-2.1\org.glassfish\javax.json\1.0.4\3178f73569fd7a1e5ffc464e680f7a8cc784b85a\javax.json-1.0.4.jar
lib: C:\Users\botme\.mcreator\gradle\caches\modules-2\files-2.1\com.google.guava\listenablefuture\9999.0-empty-to-avoid-conflict-with-guava\b421526c5f297295adef1c886e5246c39d4ac629\listenablefuture-9999.0-empty-to-avoid-conflict-with-guava.jar
lib: C:\Users\botme\.mcreator\gradle\caches\modules-2\files-2.1\org.checkerframework\checker-qual\3.12.0\d5692f0526415fcc6de94bb5bfbd3afd9dd3b3e5\checker-qual-3.12.0.jar
lib: C:\Users\botme\.mcreator\gradle\caches\modules-2\files-2.1\com.google.errorprone\error_prone_annotations\2.11.0\c5a0ace696d3f8b1c1d8cc036d8c03cc0cbe6b69\error_prone_annotations-2.11.0.jar
lib: C:\Users\botme\.mcreator\gradle\caches\modules-2\files-2.1\com.google.j2objc\j2objc-annotations\1.3\ba035118bc8bac37d7eff77700720999acd9986d\j2objc-annotations-1.3.jar
log: null
input: D:\mods\dim_pearlsold\build\devlibs\modid-1.0.jar
output: D:\mods\dim_pearlsold\build\libs\modid-1.0.jar
threads: 12
Names: D:\mods\dim_pearlsold\build\moddev\artifacts\namedToIntermediate.tsrg(reversed: false)
Fix Annotations: false
Unfinal Parameters: false
Fix Records: false
Fix Identifiers: false
Fix SourceFile: false
Fix Line Numbers: false
Strip codesigning signatures: ALL
Adding Libraries to Inheritance
Reading Input: D:\mods\dim_pearlsold\build\devlibs\modid-1.0.jar
Adding input to inheritance map
Processing entries
Conflicting propagated mapping for com/rocco/dimpearls/entity/DecayedEndermanEntity$1/getAttackReachSqr(Lnet/minecraft/world/entity/LivingEntity;)D from net/minecraft/world/entity/ai/goal/MeleeAttackGoal/getAttackReachSqr(Lnet/minecraft/world/entity/LivingEntity;)D: getAttackReachSqr -> m_6639_
Conflicting propagated mapping for com/rocco/dimpearls/client/model/Modeldecayed_enderman/setupAnim(Lnet/minecraft/world/entity/Entity;FFFFF)V from net/minecraft/client/model/EntityModel/setupAnim(Lnet/minecraft/world/entity/Entity;FFFFF)V: setupAnim -> m_6973_
Conflicting propagated mapping for com/rocco/dimpearls/client/model/Modeldecayed_enderman/renderToBuffer(Lcom/mojang/blaze3d/vertex/PoseStack;Lcom/mojang/blaze3d/vertex/VertexConsumer;IIFFFF)V from net/minecraft/client/model/Model/renderToBuffer(Lcom/mojang/blaze3d/vertex/PoseStack;Lcom/mojang/blaze3d/vertex/VertexConsumer;IIFFFF)V: renderToBuffer -> m_7695_
Conflicting propagated mapping for com/rocco/dimpearls/client/renderer/DecayedEndermanRenderer/getTextureLocation(Lnet/minecraft/world/entity/Entity;)Lnet/minecraft/resources/ResourceLocation; from net/minecraft/client/renderer/entity/EntityRenderer/getTextureLocation(Lnet/minecraft/world/entity/Entity;)Lnet/minecraft/resources/ResourceLocation;: getTextureLocation -> m_5478_
Conflicting propagated mapping for com/rocco/dimpearls/client/renderer/HerobrineRenderer/getTextureLocation(Lnet/minecraft/world/entity/Entity;)Lnet/minecraft/resources/ResourceLocation; from net/minecraft/client/renderer/entity/EntityRenderer/getTextureLocation(Lnet/minecraft/world/entity/Entity;)Lnet/minecraft/resources/ResourceLocation;: getTextureLocation -> m_5478_
Conflicting propagated mapping for com/rocco/dimpearls/block/BetweencrystalBlock/getVisualShape(Lnet/minecraft/world/level/block/state/BlockState;Lnet/minecraft/world/level/BlockGetter;Lnet/minecraft/core/BlockPos;Lnet/minecraft/world/phys/shapes/CollisionContext;)Lnet/minecraft/world/phys/shapes/VoxelShape; from net/minecraft/world/level/block/state/BlockBehaviour/getVisualShape(Lnet/minecraft/world/level/block/state/BlockState;Lnet/minecraft/world/level/BlockGetter;Lnet/minecraft/core/BlockPos;Lnet/minecraft/world/phys/shapes/CollisionContext;)Lnet/minecraft/world/phys/shapes/VoxelShape;: getVisualShape -> m_5909_
Conflicting propagated mapping for com/rocco/dimpearls/block/BetweencrystalBlock/getLightBlock(Lnet/minecraft/world/level/block/state/BlockState;Lnet/minecraft/world/level/BlockGetter;Lnet/minecraft/core/BlockPos;)I from net/minecraft/world/level/block/state/BlockBehaviour/getLightBlock(Lnet/minecraft/world/level/block/state/BlockState;Lnet/minecraft/world/level/BlockGetter;Lnet/minecraft/core/BlockPos;)I: getLightBlock -> m_7753_
Conflicting propagated mapping for com/rocco/dimpearls/entity/HerobrineEntity/getHurtSound(Lnet/minecraft/world/damagesource/DamageSource;)Lnet/minecraft/sounds/SoundEvent; from net/minecraft/world/entity/LivingEntity/getHurtSound(Lnet/minecraft/world/damagesource/DamageSource;)Lnet/minecraft/sounds/SoundEvent;: getHurtSound -> m_7975_
Conflicting propagated mapping for com/rocco/dimpearls/entity/HerobrineEntity/stopSeenByPlayer(Lnet/minecraft/server/level/ServerPlayer;)V from net/minecraft/world/entity/Entity/stopSeenByPlayer(Lnet/minecraft/server/level/ServerPlayer;)V: stopSeenByPlayer -> m_6452_
Conflicting propagated mapping for com/rocco/dimpearls/item/BanishHammerDirtItem/isValidRepairItem(Lnet/minecraft/world/item/ItemStack;Lnet/minecraft/world/item/ItemStack;)Z from net/minecraft/world/item/Item/isValidRepairItem(Lnet/minecraft/world/item/ItemStack;Lnet/minecraft/world/item/ItemStack;)Z: isValidRepairItem -> m_6832_
Conflicting propagated mapping for com/rocco/dimpearls/entity/HerobrineEntity/finalizeSpawn(Lnet/minecraft/world/level/ServerLevelAccessor;Lnet/minecraft/world/DifficultyInstance;Lnet/minecraft/world/entity/MobSpawnType;Lnet/minecraft/world/entity/SpawnGroupData;Lnet/minecraft/nbt/CompoundTag;)Lnet/minecraft/world/entity/SpawnGroupData; from net/minecraft/world/entity/Mob/finalizeSpawn(Lnet/minecraft/world/level/ServerLevelAccessor;Lnet/minecraft/world/DifficultyInstance;Lnet/minecraft/world/entity/MobSpawnType;Lnet/minecraft/world/entity/SpawnGroupData;Lnet/minecraft/nbt/CompoundTag;)Lnet/minecraft/world/entity/SpawnGroupData;: finalizeSpawn -> m_6518_
Conflicting propagated mapping for com/rocco/dimpearls/item/BanishHammerDirtItem/hurtEnemy(Lnet/minecraft/world/item/ItemStack;Lnet/minecraft/world/entity/LivingEntity;Lnet/minecraft/world/entity/LivingEntity;)Z from net/minecraft/world/item/Item/hurtEnemy(Lnet/minecraft/world/item/ItemStack;Lnet/minecraft/world/entity/LivingEntity;Lnet/minecraft/world/entity/LivingEntity;)Z: hurtEnemy -> m_7579_
Conflicting propagated mapping for com/rocco/dimpearls/entity/HerobrineEntity/customServerAiStep()V from net/minecraft/world/entity/Mob/customServerAiStep()V: customServerAiStep -> m_8024_
Conflicting propagated mapping for com/rocco/dimpearls/entity/HerobrineEntity/die(Lnet/minecraft/world/damagesource/DamageSource;)V from net/minecraft/world/entity/LivingEntity/die(Lnet/minecraft/world/damagesource/DamageSource;)V: die -> m_6667_
Conflicting propagated mapping for com/rocco/dimpearls/entity/HerobrineEntity/getAddEntityPacket()Lnet/minecraft/network/protocol/Packet; from net/minecraft/world/entity/Entity/getAddEntityPacket()Lnet/minecraft/network/protocol/Packet;: getAddEntityPacket -> m_5654_
Conflicting propagated mapping for com/rocco/dimpearls/entity/HerobrineEntity/getDeathSound()Lnet/minecraft/sounds/SoundEvent; from net/minecraft/world/entity/LivingEntity/getDeathSound()Lnet/minecraft/sounds/SoundEvent;: getDeathSound -> m_5592_
Conflicting propagated mapping for com/rocco/dimpearls/entity/HerobrineEntity/hurt(Lnet/minecraft/world/damagesource/DamageSource;F)Z from net/minecraft/world/entity/LivingEntity/hurt(Lnet/minecraft/world/damagesource/DamageSource;F)Z: hurt -> m_6469_
Conflicting propagated mapping for com/rocco/dimpearls/entity/HerobrineEntity/getMobType()Lnet/minecraft/world/entity/MobType; from net/minecraft/world/entity/LivingEntity/getMobType()Lnet/minecraft/world/entity/MobType;: getMobType -> m_6336_
Conflicting propagated mapping for com/rocco/dimpearls/entity/HerobrineEntity/startSeenByPlayer(Lnet/minecraft/server/level/ServerPlayer;)V from net/minecraft/world/entity/Entity/startSeenByPlayer(Lnet/minecraft/server/level/ServerPlayer;)V: startSeenByPlayer -> m_6457_
Conflicting propagated mapping for com/rocco/dimpearls/entity/HerobrineEntity/canChangeDimensions()Z from net/minecraft/world/entity/LivingEntity/canChangeDimensions()Z: canChangeDimensions -> m_6072_
Conflicting propagated mapping for com/rocco/dimpearls/entity/HerobrineEntity/registerGoals()V from net/minecraft/world/entity/Mob/registerGoals()V: registerGoals -> m_8099_
Conflicting propagated mapping for com/rocco/dimpearls/entity/HerobrineEntity/getMyRidingOffset()D from net/minecraft/world/entity/Entity/getMyRidingOffset()D: getMyRidingOffset -> m_6049_
Conflicting propagated mapping for com/rocco/dimpearls/entity/HerobrineEntity/baseTick()V from net/minecraft/world/entity/Mob/baseTick()V: baseTick -> m_6075_
Conflicting propagated mapping for com/rocco/dimpearls/entity/DecayedEndermanEntity/getHurtSound(Lnet/minecraft/world/damagesource/DamageSource;)Lnet/minecraft/sounds/SoundEvent; from net/minecraft/world/entity/monster/Monster/getHurtSound(Lnet/minecraft/world/damagesource/DamageSource;)Lnet/minecraft/sounds/SoundEvent;: getHurtSound -> m_7975_
Conflicting propagated mapping for com/rocco/dimpearls/item/BanishHammerEndItem/isValidRepairItem(Lnet/minecraft/world/item/ItemStack;Lnet/minecraft/world/item/ItemStack;)Z from net/minecraft/world/item/Item/isValidRepairItem(Lnet/minecraft/world/item/ItemStack;Lnet/minecraft/world/item/ItemStack;)Z: isValidRepairItem -> m_6832_
Conflicting propagated mapping for com/rocco/dimpearls/entity/DecayedEndermanEntity/getAddEntityPacket()Lnet/minecraft/network/protocol/Packet; from net/minecraft/world/entity/Entity/getAddEntityPacket()Lnet/minecraft/network/protocol/Packet;: getAddEntityPacket -> m_5654_
Conflicting propagated mapping for com/rocco/dimpearls/entity/DecayedEndermanEntity/getDeathSound()Lnet/minecraft/sounds/SoundEvent; from net/minecraft/world/entity/monster/Monster/getDeathSound()Lnet/minecraft/sounds/SoundEvent;: getDeathSound -> m_5592_
Conflicting propagated mapping for net/minecraftforge/event/BuildCreativeModeTabContentsEvent/accept(Lnet/minecraft/world/item/ItemStack;Lnet/minecraft/world/item/CreativeModeTab$TabVisibility;)V from net/minecraft/world/item/CreativeModeTab$Output/accept(Lnet/minecraft/world/item/ItemStack;Lnet/minecraft/world/item/CreativeModeTab$TabVisibility;)V: accept -> m_246267_
Conflicting propagated mapping for com/rocco/dimpearls/item/BanishHammerEndItem/hurtEnemy(Lnet/minecraft/world/item/ItemStack;Lnet/minecraft/world/entity/LivingEntity;Lnet/minecraft/world/entity/LivingEntity;)Z from net/minecraft/world/item/Item/hurtEnemy(Lnet/minecraft/world/item/ItemStack;Lnet/minecraft/world/entity/LivingEntity;Lnet/minecraft/world/entity/LivingEntity;)Z: hurtEnemy -> m_7579_
Conflicting propagated mapping for com/rocco/dimpearls/entity/DecayedEndermanEntity/getAmbientSound()Lnet/minecraft/sounds/SoundEvent; from net/minecraft/world/entity/Mob/getAmbientSound()Lnet/minecraft/sounds/SoundEvent;: getAmbientSound -> m_7515_
Conflicting propagated mapping for com/rocco/dimpearls/entity/DecayedEndermanEntity/getMobType()Lnet/minecraft/world/entity/MobType; from net/minecraft/world/entity/LivingEntity/getMobType()Lnet/minecraft/world/entity/MobType;: getMobType -> m_6336_
Conflicting propagated mapping for com/rocco/dimpearls/entity/DecayedEndermanEntity/playStepSound(Lnet/minecraft/core/BlockPos;Lnet/minecraft/world/level/block/state/BlockState;)V from net/minecraft/world/entity/Entity/playStepSound(Lnet/minecraft/core/BlockPos;Lnet/minecraft/world/level/block/state/BlockState;)V: playStepSound -> m_7355_
Conflicting propagated mapping for com/rocco/dimpearls/entity/DecayedEndermanEntity/registerGoals()V from net/minecraft/world/entity/Mob/registerGoals()V: registerGoals -> m_8099_
Conflicting propagated mapping for com/rocco/dimpearls/entity/DecayedEndermanEntity/baseTick()V from net/minecraft/world/entity/Mob/baseTick()V: baseTick -> m_6075_
Conflicting propagated mapping for com/rocco/dimpearls/item/BanishHammerNetherItem/isValidRepairItem(Lnet/minecraft/world/item/ItemStack;Lnet/minecraft/world/item/ItemStack;)Z from net/minecraft/world/item/Item/isValidRepairItem(Lnet/minecraft/world/item/ItemStack;Lnet/minecraft/world/item/ItemStack;)Z: isValidRepairItem -> m_6832_
Conflicting propagated mapping for com/rocco/dimpearls/item/BanishHammerNetherItem/hurtEnemy(Lnet/minecraft/world/item/ItemStack;Lnet/minecraft/world/entity/LivingEntity;Lnet/minecraft/world/entity/LivingEntity;)Z from net/minecraft/world/item/Item/hurtEnemy(Lnet/minecraft/world/item/ItemStack;Lnet/minecraft/world/entity/LivingEntity;Lnet/minecraft/world/entity/LivingEntity;)Z: hurtEnemy -> m_7579_
Conflicting propagated mapping for com/rocco/dimpearls/item/BanishHammerVoidItem/hurtEnemy(Lnet/minecraft/world/item/ItemStack;Lnet/minecraft/world/entity/LivingEntity;Lnet/minecraft/world/entity/LivingEntity;)Z from net/minecraft/world/item/Item/hurtEnemy(Lnet/minecraft/world/item/ItemStack;Lnet/minecraft/world/entity/LivingEntity;Lnet/minecraft/world/entity/LivingEntity;)Z: hurtEnemy -> m_7579_
Conflicting propagated mapping for com/rocco/dimpearls/item/DirtPearlItem/getUseAnimation(Lnet/minecraft/world/item/ItemStack;)Lnet/minecraft/world/item/UseAnim; from net/minecraft/world/item/Item/getUseAnimation(Lnet/minecraft/world/item/ItemStack;)Lnet/minecraft/world/item/UseAnim;: getUseAnimation -> m_6164_
Conflicting propagated mapping for com/rocco/dimpearls/item/DirtPearlItem/use(Lnet/minecraft/world/level/Level;Lnet/minecraft/world/entity/player/Player;Lnet/minecraft/world/InteractionHand;)Lnet/minecraft/world/InteractionResultHolder; from net/minecraft/world/item/Item/use(Lnet/minecraft/world/level/Level;Lnet/minecraft/world/entity/player/Player;Lnet/minecraft/world/InteractionHand;)Lnet/minecraft/world/InteractionResultHolder;: use -> m_7203_
Conflicting propagated mapping for com/rocco/dimpearls/item/DirtPearlItem/isValidRepairItem(Lnet/minecraft/world/item/ItemStack;Lnet/minecraft/world/item/ItemStack;)Z from net/minecraft/world/item/Item/isValidRepairItem(Lnet/minecraft/world/item/ItemStack;Lnet/minecraft/world/item/ItemStack;)Z: isValidRepairItem -> m_6832_
Conflicting propagated mapping for com/rocco/dimpearls/item/EndPearlItem/getUseAnimation(Lnet/minecraft/world/item/ItemStack;)Lnet/minecraft/world/item/UseAnim; from net/minecraft/world/item/Item/getUseAnimation(Lnet/minecraft/world/item/ItemStack;)Lnet/minecraft/world/item/UseAnim;: getUseAnimation -> m_6164_
Conflicting propagated mapping for com/rocco/dimpearls/item/EndPearlItem/use(Lnet/minecraft/world/level/Level;Lnet/minecraft/world/entity/player/Player;Lnet/minecraft/world/InteractionHand;)Lnet/minecraft/world/InteractionResultHolder; from net/minecraft/world/item/Item/use(Lnet/minecraft/world/level/Level;Lnet/minecraft/world/entity/player/Player;Lnet/minecraft/world/InteractionHand;)Lnet/minecraft/world/InteractionResultHolder;: use -> m_7203_
Conflicting propagated mapping for com/rocco/dimpearls/item/EndPearlItem/isValidRepairItem(Lnet/minecraft/world/item/ItemStack;Lnet/minecraft/world/item/ItemStack;)Z from net/minecraft/world/item/Item/isValidRepairItem(Lnet/minecraft/world/item/ItemStack;Lnet/minecraft/world/item/ItemStack;)Z: isValidRepairItem -> m_6832_
Conflicting propagated mapping for net/minecraftforge/common/ForgeSpawnEggItem/getType(Lnet/minecraft/nbt/CompoundTag;)Lnet/minecraft/world/entity/EntityType; from net/minecraft/world/item/SpawnEggItem/getType(Lnet/minecraft/nbt/CompoundTag;)Lnet/minecraft/world/entity/EntityType;: getType -> m_43228_
Conflicting propagated mapping for com/rocco/dimpearls/item/NetherPearlItem/getUseAnimation(Lnet/minecraft/world/item/ItemStack;)Lnet/minecraft/world/item/UseAnim; from net/minecraft/world/item/Item/getUseAnimation(Lnet/minecraft/world/item/ItemStack;)Lnet/minecraft/world/item/UseAnim;: getUseAnimation -> m_6164_
Conflicting propagated mapping for com/rocco/dimpearls/item/NetherPearlItem/use(Lnet/minecraft/world/level/Level;Lnet/minecraft/world/entity/player/Player;Lnet/minecraft/world/InteractionHand;)Lnet/minecraft/world/InteractionResultHolder; from net/minecraft/world/item/Item/use(Lnet/minecraft/world/level/Level;Lnet/minecraft/world/entity/player/Player;Lnet/minecraft/world/InteractionHand;)Lnet/minecraft/world/InteractionResultHolder;: use -> m_7203_
Conflicting propagated mapping for com/rocco/dimpearls/item/NetherPearlItem/isValidRepairItem(Lnet/minecraft/world/item/ItemStack;Lnet/minecraft/world/item/ItemStack;)Z from net/minecraft/world/item/Item/isValidRepairItem(Lnet/minecraft/world/item/ItemStack;Lnet/minecraft/world/item/ItemStack;)Z: isValidRepairItem -> m_6832_
Conflicting propagated mapping for com/rocco/dimpearls/item/VoidPearlItem/use(Lnet/minecraft/world/level/Level;Lnet/minecraft/world/entity/player/Player;Lnet/minecraft/world/InteractionHand;)Lnet/minecraft/world/InteractionResultHolder; from net/minecraft/world/item/Item/use(Lnet/minecraft/world/level/Level;Lnet/minecraft/world/entity/player/Player;Lnet/minecraft/world/InteractionHand;)Lnet/minecraft/world/InteractionResultHolder;: use -> m_7203_
Conflicting propagated mapping for com/rocco/dimpearls/network/DimpearlsModVariables$MapVariables/save(Lnet/minecraft/nbt/CompoundTag;)Lnet/minecraft/nbt/CompoundTag; from net/minecraft/world/level/saveddata/SavedData/save(Lnet/minecraft/nbt/CompoundTag;)Lnet/minecraft/nbt/CompoundTag;: save -> m_7176_
Conflicting propagated mapping for com/rocco/dimpearls/network/DimpearlsModVariables$WorldVariables/save(Lnet/minecraft/nbt/CompoundTag;)Lnet/minecraft/nbt/CompoundTag; from net/minecraft/world/level/saveddata/SavedData/save(Lnet/minecraft/nbt/CompoundTag;)Lnet/minecraft/nbt/CompoundTag;: save -> m_7176_
Conflicting propagated mapping for net/minecraft/world/entity/LivingEntity/lambda$addAdditionalSaveData$3(Lnet/minecraft/nbt/CompoundTag;Lnet/minecraft/nbt/Tag;)V from net/minecraft/world/entity/player/Player/lambda$addAdditionalSaveData$3(Lnet/minecraft/nbt/CompoundTag;Lnet/minecraft/nbt/Tag;)V: lambda$addAdditionalSaveData$3 -> m_219754_
Conflicting propagated mapping for net/minecraftforge/common/util/FakePlayer/isInvulnerableTo(Lnet/minecraft/world/damagesource/DamageSource;)Z from net/minecraft/server/level/ServerPlayer/isInvulnerableTo(Lnet/minecraft/world/damagesource/DamageSource;)Z: isInvulnerableTo -> m_6673_
Conflicting propagated mapping for net/minecraftforge/common/util/FakePlayer/canHarmPlayer(Lnet/minecraft/world/entity/player/Player;)Z from net/minecraft/server/level/ServerPlayer/canHarmPlayer(Lnet/minecraft/world/entity/player/Player;)Z: canHarmPlayer -> m_7099_
Conflicting propagated mapping for net/minecraftforge/common/util/FakePlayer/updateOptions(Lnet/minecraft/network/protocol/game/ServerboundClientInformationPacket;)V from net/minecraft/server/level/ServerPlayer/updateOptions(Lnet/minecraft/network/protocol/game/ServerboundClientInformationPacket;)V: updateOptions -> m_9156_
Conflicting propagated mapping for net/minecraftforge/common/util/FakePlayer/displayClientMessage(Lnet/minecraft/network/chat/Component;Z)V from net/minecraft/server/level/ServerPlayer/displayClientMessage(Lnet/minecraft/network/chat/Component;Z)V: displayClientMessage -> m_5661_
Conflicting propagated mapping for net/minecraftforge/common/util/FakePlayer/die(Lnet/minecraft/world/damagesource/DamageSource;)V from net/minecraft/server/level/ServerPlayer/die(Lnet/minecraft/world/damagesource/DamageSource;)V: die -> m_6667_
Conflicting propagated mapping for net/minecraftforge/common/util/FakePlayer/tick()V from net/minecraft/server/level/ServerPlayer/tick()V: tick -> m_8119_
Conflicting propagated mapping for net/minecraftforge/common/util/FakePlayer/getServer()Lnet/minecraft/server/MinecraftServer; from net/minecraft/world/entity/Entity/getServer()Lnet/minecraft/server/MinecraftServer;: getServer -> m_20194_
Conflicting propagated mapping for net/minecraftforge/common/util/FakePlayer/awardStat(Lnet/minecraft/stats/Stat;I)V from net/minecraft/server/level/ServerPlayer/awardStat(Lnet/minecraft/stats/Stat;I)V: awardStat -> m_6278_
Adding extras
Sorting
Writing Output: D:\mods\dim_pearlsold\build\libs\modid-1.0.jar
  META-INF/
  META-INF/MANIFEST.MF
  META-INF/jarjar/
  META-INF/jarjar/metadata.json
  META-INF/jarjar/mixinextras-forge-0.5.0.jar
  META-INF/mods.toml
  assets/
  assets/dimpearls/
  assets/dimpearls/blockstates/
  assets/dimpearls/blockstates/betweencrystal.json
  assets/dimpearls/blockstates/betweenstone.json
  assets/dimpearls/lang/
  assets/dimpearls/lang/en_us.json
  assets/dimpearls/models/
  assets/dimpearls/models/block/
  assets/dimpearls/models/block/betweencrystal.json
  assets/dimpearls/models/block/betweenstone.json
  assets/dimpearls/models/custom/
  assets/dimpearls/models/custom/between_crystal.json
  assets/dimpearls/models/item/
  assets/dimpearls/models/item/banish_hammer_dirt.json
  assets/dimpearls/models/item/banish_hammer_end.json
  assets/dimpearls/models/item/banish_hammer_nether.json
  assets/dimpearls/models/item/banish_hammer_void.json
  assets/dimpearls/models/item/betweencrystal.json
  assets/dimpearls/models/item/betweenstone.json
  assets/dimpearls/models/item/decayed_enderman_spawn_egg.json
  assets/dimpearls/models/item/dirt_pearl.json
  assets/dimpearls/models/item/end_pearl.json
  assets/dimpearls/models/item/herobrine_spawn_egg.json
  assets/dimpearls/models/item/nether_pearl.json
  assets/dimpearls/models/item/void_pearl.json
  assets/dimpearls/textures/
  assets/dimpearls/textures/block/
  assets/dimpearls/textures/block/between_crystal.png
  assets/dimpearls/textures/block/between_stone.png
  assets/dimpearls/textures/block/cleartxt.png
  assets/dimpearls/textures/block/knob.png
  assets/dimpearls/textures/dirt_pearl.png
  assets/dimpearls/textures/entities/
  assets/dimpearls/textures/entities/2026_06_29_herobrine-24159093.png
  assets/dimpearls/textures/entities/decayed_enderman.png
  assets/dimpearls/textures/item/
  assets/dimpearls/textures/item/decayed_enderman_spawn_egg.png
  assets/dimpearls/textures/item/dirt_hammer.png
  assets/dimpearls/textures/item/dirt_pearl.png
  assets/dimpearls/textures/item/end_hammer.png
  assets/dimpearls/textures/item/end_pearl.png
  assets/dimpearls/textures/item/herobrine_spawn_egg_generated.png
  assets/dimpearls/textures/item/nether_hammer.png
  assets/dimpearls/textures/item/nether_pearl.png
  assets/dimpearls/textures/item/void_hammer.png
  assets/dimpearls/textures/item/void_pearl.png
  com/
  com/rocco/
  com/rocco/dimpearls/
  com/rocco/dimpearls/DimpearlsMod.class
  com/rocco/dimpearls/block/
  com/rocco/dimpearls/block/BetweencrystalBlock.class
  com/rocco/dimpearls/block/BetweenstoneBlock.class
  com/rocco/dimpearls/client/
  com/rocco/dimpearls/client/model/
  com/rocco/dimpearls/client/model/Modeldecayed_enderman.class
  com/rocco/dimpearls/client/renderer/
  com/rocco/dimpearls/client/renderer/DecayedEndermanRenderer.class
  com/rocco/dimpearls/client/renderer/HerobrineRenderer.class
  com/rocco/dimpearls/entity/
  com/rocco/dimpearls/entity/DecayedEndermanEntity$1.class
  com/rocco/dimpearls/entity/DecayedEndermanEntity.class
  com/rocco/dimpearls/entity/HerobrineEntity.class
  com/rocco/dimpearls/init/
  com/rocco/dimpearls/init/DimpearlsModBlocks.class
  com/rocco/dimpearls/init/DimpearlsModEntities.class
  com/rocco/dimpearls/init/DimpearlsModEntityRenderers.class
  com/rocco/dimpearls/init/DimpearlsModItems.class
  com/rocco/dimpearls/init/DimpearlsModModels.class
  com/rocco/dimpearls/init/DimpearlsModTabs.class
  com/rocco/dimpearls/item/
  com/rocco/dimpearls/item/BanishHammerDirtItem.class
  com/rocco/dimpearls/item/BanishHammerEndItem.class
  com/rocco/dimpearls/item/BanishHammerNetherItem.class
  com/rocco/dimpearls/item/BanishHammerVoidItem.class
  com/rocco/dimpearls/item/DirtPearlItem.class
  com/rocco/dimpearls/item/EndPearlItem.class
  com/rocco/dimpearls/item/NetherPearlItem.class
  com/rocco/dimpearls/item/VoidPearlItem.class
  com/rocco/dimpearls/network/
  com/rocco/dimpearls/network/DimpearlsModVariables$1.class
  com/rocco/dimpearls/network/DimpearlsModVariables$EventBusVariableHandlers.class
  com/rocco/dimpearls/network/DimpearlsModVariables$MapVariables.class
  com/rocco/dimpearls/network/DimpearlsModVariables$PlayerVariables.class
  com/rocco/dimpearls/network/DimpearlsModVariables$PlayerVariablesProvider.class
  com/rocco/dimpearls/network/DimpearlsModVariables$PlayerVariablesSyncMessage.class
  com/rocco/dimpearls/network/DimpearlsModVariables$SavedDataSyncMessage.class
  com/rocco/dimpearls/network/DimpearlsModVariables$WorldVariables.class
  com/rocco/dimpearls/network/DimpearlsModVariables.class
  com/rocco/dimpearls/procedures/
  com/rocco/dimpearls/procedures/BanishHammerDirtAttackProcedure.class
  com/rocco/dimpearls/procedures/BanishHammerEndAttackProcedure.class
  com/rocco/dimpearls/procedures/BanishHammerNetherAttackProcedure.class
  com/rocco/dimpearls/procedures/BanishHammerVoidAttackProcedure.class
  com/rocco/dimpearls/procedures/DecayedEndermanBehaviorProcedure.class
  com/rocco/dimpearls/procedures/DirtPearlCheckTpProcedure.class
  com/rocco/dimpearls/procedures/EndPearlCheckTpProcedure.class
  com/rocco/dimpearls/procedures/HerobrineEntityDiesProcedure.class
  com/rocco/dimpearls/procedures/HerobrineOnEntityTickUpdateProcedure.class
  com/rocco/dimpearls/procedures/HerobrineSetCanSpawnProcedure.class
  com/rocco/dimpearls/procedures/HerobrineSpawningConditionProcedure.class
  com/rocco/dimpearls/procedures/NetherPearlCheckTpProcedure.class
  com/rocco/dimpearls/procedures/VoidPearlCheckTpProcedure.class
  com/rocco/dimpearls/worldgen/
  com/rocco/dimpearls/worldgen/BetweenCrystalWorldgen.class
  com/rocco/dimpearls/worldgen/BetweenTerrainHandler.class
  data/
  data/dimpearls/
  data/dimpearls/advancement/
  data/dimpearls/advancement/enderman_steve.json
  data/dimpearls/advancement/endersteve.json
  data/dimpearls/advancement/the_between.json
  data/dimpearls/advancements/
  data/dimpearls/advancements/recipes/
  data/dimpearls/advancements/recipes/dirt_hammer.json
  data/dimpearls/advancements/recipes/dirt_pearl_recipe.json
  data/dimpearls/advancements/recipes/end_hammer.json
  data/dimpearls/advancements/recipes/end_pearl_recipe.json
  data/dimpearls/advancements/recipes/multiplier_diamond.json
  data/dimpearls/advancements/recipes/multiplier_gold.json
  data/dimpearls/advancements/recipes/multiplier_gun_powder.json
  data/dimpearls/advancements/recipes/multiplier_iron.json
  data/dimpearls/advancements/recipes/multiplier_netherite.json
  data/dimpearls/advancements/recipes/multiplier_obsidian.json
  data/dimpearls/advancements/recipes/nether_hammer.json
  data/dimpearls/advancements/recipes/nether_pearl_recipe.json
  data/dimpearls/advancements/recipes/void_hammer.json
  data/dimpearls/advancements/recipes/void_pearl_recipe.json
  data/dimpearls/dimension/
  data/dimpearls/dimension/the_between.json
  data/dimpearls/dimension_type/
  data/dimpearls/dimension_type/the_between_type.json
  data/dimpearls/forge/
  data/dimpearls/forge/biome_modifier/
  data/dimpearls/forge/biome_modifier/decayed_enderman_biome_modifier.json
  data/dimpearls/forge/biome_modifier/herobrine_biome_modifier.json
  data/dimpearls/loot_tables/
  data/dimpearls/loot_tables/blocks/
  data/dimpearls/loot_tables/blocks/betweencrystal.json
  data/dimpearls/loot_tables/blocks/betweenstone.json
  data/dimpearls/recipes/
  data/dimpearls/recipes/dirt_hammer.json
  data/dimpearls/recipes/dirt_pearl_recipe.json
  data/dimpearls/recipes/end_hammer.json
  data/dimpearls/recipes/end_pearl_recipe.json
  data/dimpearls/recipes/iron_multiplier.json
  data/dimpearls/recipes/multiplier_diamond.json
  data/dimpearls/recipes/multiplier_gold.json
  data/dimpearls/recipes/multiplier_gun_powder.json
  data/dimpearls/recipes/multiplier_netherite.json
  data/dimpearls/recipes/multiplier_obsidian.json
  data/dimpearls/recipes/nether_hammer.json
  data/dimpearls/recipes/nether_pearl_recipe.json
  data/dimpearls/recipes/void_hammer.json
  data/dimpearls/recipes/void_pearl_recipe.json
  data/dimpearls/tags/
  data/dimpearls/tags/item/
  data/dimpearls/tags/item/banish_hammer_dirt_repair_items.json
  data/dimpearls/tags/item/banish_hammer_end_repair_items.json
  data/dimpearls/tags/item/banish_hammer_nether_repair_items.json
  data/dimpearls/tags/item/banish_hammer_void_repair_items.json
  data/dimpearls/tags/item/dirt_pearl_repair_items.json
  data/dimpearls/tags/item/end_pearl_repair_items.json
  data/dimpearls/tags/item/nether_pearl_repair_items.json
  data/dimpearls/tags/items/
  data/dimpearls/tags/items/banish_hammer_dirt_repair_items.json
  data/dimpearls/tags/items/banish_hammer_end_repair_items.json
  data/dimpearls/tags/items/banish_hammer_nether_repair_items.json
  data/dimpearls/tags/items/banish_hammer_void_repair_items.json
  data/dimpearls/tags/items/dirt_pearl_repair_items.json
  data/dimpearls/tags/items/end_pearl_repair_items.json
  data/dimpearls/tags/items/nether_pearl_repair_items.json
  data/dimpearls/worldgen/
  data/dimpearls/worldgen/biome/
  data/dimpearls/worldgen/biome/the_between.json
  data/dimpearls/worldgen/noise_settings/
  data/dimpearls/worldgen/noise_settings/the_between.json
  data/minecraft/
  data/minecraft/tags/
  data/minecraft/tags/block/
  data/minecraft/tags/block/mineable/
  data/minecraft/tags/block/mineable/pickaxe.json
  data/minecraft/tags/block/needs_diamond_tool.json
  data/minecraft/tags/blocks/
  data/minecraft/tags/blocks/mineable/
  data/minecraft/tags/blocks/mineable/pickaxe.json
  data/minecraft/tags/blocks/needs_diamond_tool.json
  data/minecraft/tags/entity_type/
  data/minecraft/tags/entity_type/undead.json
  data/minecraft/tags/item/
  data/minecraft/tags/item/enchantable/
  data/minecraft/tags/item/enchantable/durability.json
  logo.png
  pack.mcmeta
